// Jest Snapshot v1, https://goo.gl/fbAQLP

exports[`AppAvatar.vue should match snapshot 1`] = `
<button
  class="btn primary"
  type="button"
>
  
  
</button>
`;
