// Jest Snapshot v1, https://goo.gl/fbAQLP

exports[`EmptyData.vue Should match snapshot 1`] = `
<div
  class="emptyData"
>
  <empty-data-svg-stub />
  <h3
    class="title"
  >
    
     Nenhum contato foi criando ainda. 
    
  </h3>
</div>
`;
